Router>enable
Router#conf t
Enter configuration commands, one per line.  End with CNTL/Z.
Router(config)#hostname R3
R3(config)#interface g0/0
R3(config-if)#ip adddress 198.168.13.3 255.255.255.0
                    ^
% Invalid input detected at '^' marker.
	
R3(config-if)#ip address 198.168.13.3 255.255.255.0
R3(config-if)#description ## to SW2 ##
R3(config-if)#no shut

R3(config-if)#
%LINK-5-CHANGED: Interface GigabitEthernet0/0, changed state to up

%LINEPROTO-5-UPDOWN: Line protocol on Interface GigabitEthernet0/0, changed state to up

R3(config-if)#do sh ip int brief
Interface              IP-Address      OK? Method Status                Protocol 
GigabitEthernet0/0     198.168.13.3    YES manual up                    up 
GigabitEthernet0/1     unassigned      YES unset  administratively down down 
GigabitEthernet0/2     unassigned      YES unset  administratively down down 
Vlan1                  unassigned      YES unset  administratively down down
R3(config-if)#interface g0/1

R3(config-if)#ip address 198.168.3.3 255.255.255.0
R3(config-if)#description ## to SW2 ##
R3(config-if)#no shut

R3(config-if)#
%LINK-5-CHANGED: Interface GigabitEthernet0/1, changed state to up

%LINEPROTO-5-UPDOWN: Line protocol on Interface GigabitEthernet0/1, changed state to up

R3(config-if)#do sh ip int brief
Interface              IP-Address      OK? Method Status                Protocol 
GigabitEthernet0/0     198.168.13.3    YES manual up                    up 
GigabitEthernet0/1     198.168.3.3     YES manual up                    up 
GigabitEthernet0/2     unassigned      YES unset  administratively down down 
Vlan1                  unassigned      YES unset  administratively down down
R3(config-if)#

R3>enable
R3#conf t
Enter configuration commands, one per line.  End with CNTL/Z.
R3(config)#ip route 192.168.1.0 255.255.255.0 192.168.13.2
R3(config)#do sh ip route
Codes: L - local, C - connected, S - static, R - RIP, M - mobile, B - BGP
       D - EIGRP, EX - EIGRP external, O - OSPF, IA - OSPF inter area
       N1 - OSPF NSSA external type 1, N2 - OSPF NSSA external type 2
       E1 - OSPF external type 1, E2 - OSPF external type 2, E - EGP
       i - IS-IS, L1 - IS-IS level-1, L2 - IS-IS level-2, ia - IS-IS inter area
       * - candidate default, U - per-user static route, o - ODR
       P - periodic downloaded static route

Gateway of last resort is not set

     198.168.3.0/24 is variably subnetted, 2 subnets, 2 masks
C       198.168.3.0/24 is directly connected, GigabitEthernet0/1
L       198.168.3.3/32 is directly connected, GigabitEthernet0/1
     198.168.13.0/24 is variably subnetted, 2 subnets, 2 masks
C       198.168.13.0/24 is directly connected, GigabitEthernet0/0
L       198.168.13.3/32 is directly connected, GigabitEthernet0/0

R3(config)#

