

Router>enable
Router#conf t
Enter configuration commands, one per line.  End with CNTL/Z.
Router(config)#hostname R1
R1(config)#interface g0/1
R1(config-if)#ip address 192.168.1.254 255.255.255.0
R1(config-if)#description ## to SW1 ##
R1(config-if)#no shut

R1(config-if)#
%LINK-5-CHANGED: Interface GigabitEthernet0/1, changed state to up

%LINEPROTO-5-UPDOWN: Line protocol on Interface GigabitEthernet0/1, changed state to up

R1(config-if)#interface g0/2
R1(config-if)#interface g0/0
R1(config-if)#ip add
% Incomplete command.
R1(config-if)#ip address 192.168.12.1 255.255.255.0 
R1(config-if)#description ## to R2 ##
R1(config-if)#no shut

R1(config-if)#
%LINK-5-CHANGED: Interface GigabitEthernet0/0, changed state to up

R1(config-if)#
R1(config-if)#do sh ip int brief
Interface              IP-Address      OK? Method Status                Protocol 
GigabitEthernet0/0     192.168.12.1    YES manual up                    down 
GigabitEthernet0/1     192.168.1.254   YES manual up                    up 
GigabitEthernet0/2     unassigned      YES unset  administratively down down 
Vlan1                  unassigned      YES unset  administratively down down
R1(config-if)#
%LINEPROTO-5-UPDOWN: Line protocol on Interface GigabitEthernet0/0, changed state to up

R1>enable
R1#conf t
Enter configuration commands, one per line.  End with CNTL/Z.
R1(config)#ip route192.168.3.0 255.255.255.0
                   ^
% Invalid input detected at '^' marker.
	
R1(config)#ip route192.168.3.0 255.255.255.0 ?
% Unrecognized command
R1(config)#ip route192.168.3.0 255.255.255.0 192.168.12.2 ?
% Unrecognized command
R1(config)#ip route 192.168.3.0 255.255.255.0 192.168.12.2 ?
  <1-255>  Distance metric for this route
  <cr>
R1(config)#ip route 192.168.3.0 255.255.255.0 192.168.12.2 
R1(config)#
R1(config)#do sh ip route
Codes: L - local, C - connected, S - static, R - RIP, M - mobile, B - BGP
       D - EIGRP, EX - EIGRP external, O - OSPF, IA - OSPF inter area
       N1 - OSPF NSSA external type 1, N2 - OSPF NSSA external type 2
       E1 - OSPF external type 1, E2 - OSPF external type 2, E - EGP
       i - IS-IS, L1 - IS-IS level-1, L2 - IS-IS level-2, ia - IS-IS inter area
       * - candidate default, U - per-user static route, o - ODR
       P - periodic downloaded static route

Gateway of last resort is not set

     192.168.1.0/24 is variably subnetted, 2 subnets, 2 masks
C       192.168.1.0/24 is directly connected, GigabitEthernet0/1
L       192.168.1.254/32 is directly connected, GigabitEthernet0/1
S    192.168.3.0/24 [1/0] via 192.168.12.2
     192.168.12.0/24 is variably subnetted, 2 subnets, 2 masks
C       192.168.12.0/24 is directly connected, GigabitEthernet0/0
L       192.168.12.1/32 is directly connected, GigabitEthernet0/0

R1(config)#
